Generating image variants require the image_processing gem. Please add `gem "image_processing", "~> 1.2"` to your Gemfile or set `config.active_storage.variant_processor = :disabled`.
  [1m[35m (2.4ms)[0m  [1m[35mCREATE TABLE "schema_migrations" ("version" varchar NOT NULL PRIMARY KEY) /*application='SchoolApi'*/[0m
  [1m[35m (0.2ms)[0m  [1m[35mCREATE TABLE "ar_internal_metadata" ("key" varchar NOT NULL PRIMARY KEY, "value" varchar, "created_at" datetime(6) NOT NULL, "updated_at" datetime(6) NOT NULL) /*application='SchoolApi'*/[0m
  [1m[36mActiveRecord::InternalMetadata Load (0.3ms)[0m  [1m[34mSELECT * FROM "ar_internal_metadata" WHERE "ar_internal_metadata"."key" = 'environment' ORDER BY "ar_internal_metadata"."key" ASC LIMIT 1 /*application='SchoolApi'*/[0m
  [1m[36mActiveRecord::InternalMetadata Create (0.3ms)[0m  [1m[32mINSERT INTO "ar_internal_metadata" ("key", "value", "created_at", "updated_at") VALUES ('environment', 'development', '2026-07-19 19:33:13.483638', '2026-07-19 19:33:13.483642') RETURNING "key" /*application='SchoolApi'*/[0m
  [1m[36mActiveRecord::SchemaMigration Load (0.1ms)[0m  [1m[34mSELECT "schema_migrations"."version" FROM "schema_migrations" ORDER BY "schema_migrations"."version" ASC /*application='SchoolApi'*/[0m
Migrating to CreateUsers (20240101000001)
  [1m[36mTRANSACTION (0.1ms)[0m  [1m[35mBEGIN immediate TRANSACTION /*application='SchoolApi'*/[0m
  [1m[35m (1.5ms)[0m  [1m[35mCREATE TABLE "users" ("id" integer PRIMARY KEY AUTOINCREMENT NOT NULL, "name" varchar NOT NULL, "email" varchar NOT NULL, "role" varchar DEFAULT 'student' NOT NULL, "created_at" datetime(6) NOT NULL, "updated_at" datetime(6) NOT NULL) /*application='SchoolApi'*/[0m
  [1m[35m (0.2ms)[0m  [1m[35mCREATE UNIQUE INDEX "index_users_on_email" ON "users" ("email") /*application='SchoolApi'*/[0m
  [1m[36mActiveRecord::SchemaMigration Create (0.2ms)[0m  [1m[32mINSERT INTO "schema_migrations" ("version") VALUES ('20240101000001') RETURNING "version" /*application='SchoolApi'*/[0m
  [1m[36mTRANSACTION (0.1ms)[0m  [1m[35mCOMMIT TRANSACTION /*application='SchoolApi'*/[0m
Migrating to CreateDepartments (20240101000002)
  [1m[36mTRANSACTION (0.0ms)[0m  [1m[35mBEGIN immediate TRANSACTION /*application='SchoolApi'*/[0m
  [1m[35m (1.3ms)[0m  [1m[35mCREATE TABLE "departments" ("id" integer PRIMARY KEY AUTOINCREMENT NOT NULL, "name" varchar NOT NULL, "created_at" datetime(6) NOT NULL, "updated_at" datetime(6) NOT NULL) /*application='SchoolApi'*/[0m
  [1m[35m (0.1ms)[0m  [1m[35mCREATE UNIQUE INDEX "index_departments_on_name" ON "departments" ("name") /*application='SchoolApi'*/[0m
  [1m[36mActiveRecord::SchemaMigration Create (0.2ms)[0m  [1m[32mINSERT INTO "schema_migrations" ("version") VALUES ('20240101000002') RETURNING "version" /*application='SchoolApi'*/[0m
  [1m[36mTRANSACTION (0.1ms)[0m  [1m[35mCOMMIT TRANSACTION /*application='SchoolApi'*/[0m
Migrating to CreateCourses (20240101000003)
  [1m[36mTRANSACTION (0.0ms)[0m  [1m[35mBEGIN immediate TRANSACTION /*application='SchoolApi'*/[0m
  [1m[35m (1.2ms)[0m  [1m[35mCREATE TABLE "courses" ("id" integer PRIMARY KEY AUTOINCREMENT NOT NULL, "name" varchar NOT NULL, "code" varchar NOT NULL, "department_id" integer NOT NULL, "created_at" datetime(6) NOT NULL, "updated_at" datetime(6) NOT NULL, CONSTRAINT "fk_rails_4e7d7b190d"
FOREIGN KEY ("department_id")
  REFERENCES "departments" ("id")
) /*application='SchoolApi'*/[0m
  [1m[35m (0.2ms)[0m  [1m[35mCREATE INDEX "index_courses_on_department_id" ON "courses" ("department_id") /*application='SchoolApi'*/[0m
  [1m[35m (0.2ms)[0m  [1m[35mCREATE UNIQUE INDEX "index_courses_on_code" ON "courses" ("code") /*application='SchoolApi'*/[0m
  [1m[36mActiveRecord::SchemaMigration Create (0.2ms)[0m  [1m[32mINSERT INTO "schema_migrations" ("version") VALUES ('20240101000003') RETURNING "version" /*application='SchoolApi'*/[0m
  [1m[36mTRANSACTION (0.1ms)[0m  [1m[35mCOMMIT TRANSACTION /*application='SchoolApi'*/[0m
Migrating to CreateSemesters (20240101000004)
  [1m[36mTRANSACTION (0.1ms)[0m  [1m[35mBEGIN immediate TRANSACTION /*application='SchoolApi'*/[0m
  [1m[35m (1.3ms)[0m  [1m[35mCREATE TABLE "semesters" ("id" integer PRIMARY KEY AUTOINCREMENT NOT NULL, "name" varchar NOT NULL, "created_at" datetime(6) NOT NULL, "updated_at" datetime(6) NOT NULL) /*application='SchoolApi'*/[0m
  [1m[35m (0.1ms)[0m  [1m[35mCREATE UNIQUE INDEX "index_semesters_on_name" ON "semesters" ("name") /*application='SchoolApi'*/[0m
  [1m[36mActiveRecord::SchemaMigration Create (0.2ms)[0m  [1m[32mINSERT INTO "schema_migrations" ("version") VALUES ('20240101000004') RETURNING "version" /*application='SchoolApi'*/[0m
  [1m[36mTRANSACTION (0.1ms)[0m  [1m[35mCOMMIT TRANSACTION /*application='SchoolApi'*/[0m
Migrating to CreateClassSessions (20240101000005)
  [1m[36mTRANSACTION (0.0ms)[0m  [1m[35mBEGIN immediate TRANSACTION /*application='SchoolApi'*/[0m
  [1m[35m (1.2ms)[0m  [1m[35mCREATE TABLE "class_sessions" ("id" integer PRIMARY KEY AUTOINCREMENT NOT NULL, "course_id" integer NOT NULL, "semester_id" integer NOT NULL, "teacher_id" integer NOT NULL, "created_at" datetime(6) NOT NULL, "updated_at" datetime(6) NOT NULL, CONSTRAINT "fk_rails_74724573e6"
FOREIGN KEY ("course_id")
  REFERENCES "courses" ("id")
, CONSTRAINT "fk_rails_7aef389ef0"
FOREIGN KEY ("semester_id")
  REFERENCES "semesters" ("id")
, CONSTRAINT "fk_rails_892484d77f"
FOREIGN KEY ("teacher_id")
  REFERENCES "users" ("id")
) /*application='SchoolApi'*/[0m
  [1m[35m (0.1ms)[0m  [1m[35mCREATE INDEX "index_class_sessions_on_course_id" ON "class_sessions" ("course_id") /*application='SchoolApi'*/[0m
  [1m[35m (0.1ms)[0m  [1m[35mCREATE INDEX "index_class_sessions_on_semester_id" ON "class_sessions" ("semester_id") /*application='SchoolApi'*/[0m
  [1m[35m (0.1ms)[0m  [1m[35mCREATE INDEX "index_class_sessions_on_teacher_id" ON "class_sessions" ("teacher_id") /*application='SchoolApi'*/[0m
  [1m[36mActiveRecord::SchemaMigration Create (0.2ms)[0m  [1m[32mINSERT INTO "schema_migrations" ("version") VALUES ('20240101000005') RETURNING "version" /*application='SchoolApi'*/[0m
  [1m[36mTRANSACTION (0.1ms)[0m  [1m[35mCOMMIT TRANSACTION /*application='SchoolApi'*/[0m
Migrating to CreateEnrollments (20240101000006)
  [1m[36mTRANSACTION (0.0ms)[0m  [1m[35mBEGIN immediate TRANSACTION /*application='SchoolApi'*/[0m
  [1m[35m (1.3ms)[0m  [1m[35mCREATE TABLE "enrollments" ("id" integer PRIMARY KEY AUTOINCREMENT NOT NULL, "class_session_id" integer NOT NULL, "student_id" integer NOT NULL, "grade" varchar, "created_at" datetime(6) NOT NULL, "updated_at" datetime(6) NOT NULL, CONSTRAINT "fk_rails_ff2975da8f"
FOREIGN KEY ("class_session_id")
  REFERENCES "class_sessions" ("id")
, CONSTRAINT "fk_rails_f01c555e06"
FOREIGN KEY ("student_id")
  REFERENCES "users" ("id")
) /*application='SchoolApi'*/[0m
  [1m[35m (0.2ms)[0m  [1m[35mCREATE INDEX "index_enrollments_on_class_session_id" ON "enrollments" ("class_session_id") /*application='SchoolApi'*/[0m
  [1m[35m (0.2ms)[0m  [1m[35mCREATE INDEX "index_enrollments_on_student_id" ON "enrollments" ("student_id") /*application='SchoolApi'*/[0m
  [1m[35m (0.1ms)[0m  [1m[35mCREATE UNIQUE INDEX "index_enrollments_on_class_session_id_and_student_id" ON "enrollments" ("class_session_id", "student_id") /*application='SchoolApi'*/[0m
  [1m[36mActiveRecord::SchemaMigration Create (0.2ms)[0m  [1m[32mINSERT INTO "schema_migrations" ("version") VALUES ('20240101000006') RETURNING "version" /*application='SchoolApi'*/[0m
  [1m[36mTRANSACTION (0.1ms)[0m  [1m[35mCOMMIT TRANSACTION /*application='SchoolApi'*/[0m
  [1m[36mActiveRecord::SchemaMigration Load (0.1ms)[0m  [1m[34mSELECT "schema_migrations"."version" FROM "schema_migrations" ORDER BY "schema_migrations"."version" ASC /*application='SchoolApi'*/[0m
Generating image variants require the image_processing gem. Please add `gem "image_processing", "~> 1.2"` to your Gemfile or set `config.active_storage.variant_processor = :disabled`.
  [1m[36mActiveRecord::SchemaMigration Load (0.2ms)[0m  [1m[34mSELECT "schema_migrations"."version" FROM "schema_migrations" ORDER BY "schema_migrations"."version" ASC /*application='SchoolApi'*/[0m
  [1m[36mEnrollment Load (0.3ms)[0m  [1m[34mSELECT "enrollments".* FROM "enrollments" /*application='SchoolApi'*/[0m
  [1m[36mClassSession Load (0.1ms)[0m  [1m[34mSELECT "class_sessions".* FROM "class_sessions" /*application='SchoolApi'*/[0m
  [1m[36mCourse Load (0.1ms)[0m  [1m[34mSELECT "courses".* FROM "courses" /*application='SchoolApi'*/[0m
  [1m[36mDepartment Load (0.1ms)[0m  [1m[34mSELECT "departments".* FROM "departments" /*application='SchoolApi'*/[0m
  [1m[36mSemester Load (0.1ms)[0m  [1m[34mSELECT "semesters".* FROM "semesters" /*application='SchoolApi'*/[0m
  [1m[36mUser Load (0.1ms)[0m  [1m[34mSELECT "users".* FROM "users" /*application='SchoolApi'*/[0m
  [1m[36mTRANSACTION (0.4ms)[0m  [1m[35mBEGIN immediate TRANSACTION /*application='SchoolApi'*/[0m
  [1m[36mSemester Exists? (2.5ms)[0m  [1m[34mSELECT 1 AS one FROM "semesters" WHERE "semesters"."name" = 'Fall 2026' LIMIT 1 /*application='SchoolApi'*/[0m
  [1m[36mSemester Create (0.2ms)[0m  [1m[32mINSERT INTO "semesters" ("name", "created_at", "updated_at") VALUES ('Fall 2026', '2026-07-19 19:33:16.636980', '2026-07-19 19:33:16.636980') RETURNING "id" /*application='SchoolApi'*/[0m
  [1m[36mTRANSACTION (3.8ms)[0m  [1m[35mCOMMIT TRANSACTION /*application='SchoolApi'*/[0m
  [1m[36mTRANSACTION (0.1ms)[0m  [1m[35mBEGIN immediate TRANSACTION /*application='SchoolApi'*/[0m
  [1m[36mSemester Exists? (1.7ms)[0m  [1m[34mSELECT 1 AS one FROM "semesters" WHERE "semesters"."name" = 'Spring 2027' LIMIT 1 /*application='SchoolApi'*/[0m
  [1m[36mSemester Create (0.3ms)[0m  [1m[32mINSERT INTO "semesters" ("name", "created_at", "updated_at") VALUES ('Spring 2027', '2026-07-19 19:33:16.648127', '2026-07-19 19:33:16.648127') RETURNING "id" /*application='SchoolApi'*/[0m
  [1m[36mTRANSACTION (0.1ms)[0m  [1m[35mCOMMIT TRANSACTION /*application='SchoolApi'*/[0m
  [1m[36mTRANSACTION (0.0ms)[0m  [1m[35mBEGIN immediate TRANSACTION /*application='SchoolApi'*/[0m
  [1m[36mDepartment Exists? (1.6ms)[0m  [1m[34mSELECT 1 AS one FROM "departments" WHERE "departments"."name" = 'English' LIMIT 1 /*application='SchoolApi'*/[0m
  [1m[36mDepartment Create (0.2ms)[0m  [1m[32mINSERT INTO "departments" ("name", "created_at", "updated_at") VALUES ('English', '2026-07-19 19:33:16.657496', '2026-07-19 19:33:16.657496') RETURNING "id" /*application='SchoolApi'*/[0m
  [1m[36mTRANSACTION (0.1ms)[0m  [1m[35mCOMMIT TRANSACTION /*application='SchoolApi'*/[0m
  [1m[36mTRANSACTION (0.0ms)[0m  [1m[35mBEGIN immediate TRANSACTION /*application='SchoolApi'*/[0m
  [1m[36mDepartment Exists? (1.6ms)[0m  [1m[34mSELECT 1 AS one FROM "departments" WHERE "departments"."name" = 'Math' LIMIT 1 /*application='SchoolApi'*/[0m
  [1m[36mDepartment Create (0.2ms)[0m  [1m[32mINSERT INTO "departments" ("name", "created_at", "updated_at") VALUES ('Math', '2026-07-19 19:33:16.663866', '2026-07-19 19:33:16.663866') RETURNING "id" /*application='SchoolApi'*/[0m
  [1m[36mTRANSACTION (0.1ms)[0m  [1m[35mCOMMIT TRANSACTION /*application='SchoolApi'*/[0m
  [1m[36mTRANSACTION (0.0ms)[0m  [1m[35mBEGIN immediate TRANSACTION /*application='SchoolApi'*/[0m
  [1m[36mDepartment Exists? (1.6ms)[0m  [1m[34mSELECT 1 AS one FROM "departments" WHERE "departments"."name" = 'Science' LIMIT 1 /*application='SchoolApi'*/[0m
  [1m[36mDepartment Create (0.2ms)[0m  [1m[32mINSERT INTO "departments" ("name", "created_at", "updated_at") VALUES ('Science', '2026-07-19 19:33:16.669963', '2026-07-19 19:33:16.669963') RETURNING "id" /*application='SchoolApi'*/[0m
  [1m[36mTRANSACTION (0.1ms)[0m  [1m[35mCOMMIT TRANSACTION /*application='SchoolApi'*/[0m
  [1m[36mTRANSACTION (0.1ms)[0m  [1m[35mBEGIN immediate TRANSACTION /*application='SchoolApi'*/[0m
  [1m[36mDepartment Exists? (1.7ms)[0m  [1m[34mSELECT 1 AS one FROM "departments" WHERE "departments"."name" = 'History' LIMIT 1 /*application='SchoolApi'*/[0m
  [1m[36mDepartment Create (0.2ms)[0m  [1m[32mINSERT INTO "departments" ("name", "created_at", "updated_at") VALUES ('History', '2026-07-19 19:33:16.676175', '2026-07-19 19:33:16.676175') RETURNING "id" /*application='SchoolApi'*/[0m
  [1m[36mTRANSACTION (0.1ms)[0m  [1m[35mCOMMIT TRANSACTION /*application='SchoolApi'*/[0m
  [1m[36mTRANSACTION (0.0ms)[0m  [1m[35mBEGIN immediate TRANSACTION /*application='SchoolApi'*/[0m
  [1m[36mDepartment Exists? (1.6ms)[0m  [1m[34mSELECT 1 AS one FROM "departments" WHERE "departments"."name" = 'Computer Science' LIMIT 1 /*application='SchoolApi'*/[0m
  [1m[36mDepartment Create (0.2ms)[0m  [1m[32mINSERT INTO "departments" ("name", "created_at", "updated_at") VALUES ('Computer Science', '2026-07-19 19:33:16.682389', '2026-07-19 19:33:16.682389') RETURNING "id" /*application='SchoolApi'*/[0m
  [1m[36mTRANSACTION (0.1ms)[0m  [1m[35mCOMMIT TRANSACTION /*application='SchoolApi'*/[0m
  [1m[36mTRANSACTION (0.1ms)[0m  [1m[35mBEGIN immediate TRANSACTION /*application='SchoolApi'*/[0m
  [1m[36mCourse Exists? (1.7ms)[0m  [1m[34mSELECT 1 AS one FROM "courses" WHERE "courses"."code" = 'ENG101' LIMIT 1 /*application='SchoolApi'*/[0m
  [1m[36mCourse Create (0.2ms)[0m  [1m[32mINSERT INTO "courses" ("name", "code", "department_id", "created_at", "updated_at") VALUES ('Composition I', 'ENG101', 1, '2026-07-19 19:33:16.699606', '2026-07-19 19:33:16.699606') RETURNING "id" /*application='SchoolApi'*/[0m
  [1m[36mTRANSACTION (0.1ms)[0m  [1m[35mCOMMIT TRANSACTION /*application='SchoolApi'*/[0m
  [1m[36mTRANSACTION (0.1ms)[0m  [1m[35mBEGIN immediate TRANSACTION /*application='SchoolApi'*/[0m
  [1m[36mCourse Exists? (1.6ms)[0m  [1m[34mSELECT 1 AS one FROM "courses" WHERE "courses"."code" = 'ENG201' LIMIT 1 /*application='SchoolApi'*/[0m
  [1m[36mCourse Create (0.2ms)[0m  [1m[32mINSERT INTO "courses" ("name", "code", "department_id", "created_at", "updated_at") VALUES ('American Literature', 'ENG201', 1, '2026-07-19 19:33:16.706236', '2026-07-19 19:33:16.706236') RETURNING "id" /*application='SchoolApi'*/[0m
  [1m[36mTRANSACTION (0.1ms)[0m  [1m[35mCOMMIT TRANSACTION /*application='SchoolApi'*/[0m
  [1m[36mTRANSACTION (0.0ms)[0m  [1m[35mBEGIN immediate TRANSACTION /*application='SchoolApi'*/[0m
  [1m[36mCourse Exists? (1.5ms)[0m  [1m[34mSELECT 1 AS one FROM "courses" WHERE "courses"."code" = 'MAT101' LIMIT 1 /*application='SchoolApi'*/[0m
  [1m[36mCourse Create (0.2ms)[0m  [1m[32mINSERT INTO "courses" ("name", "code", "department_id", "created_at", "updated_at") VALUES ('Calculus I', 'MAT101', 2, '2026-07-19 19:33:16.712491', '2026-07-19 19:33:16.712491') RETURNING "id" /*application='SchoolApi'*/[0m
  [1m[36mTRANSACTION (0.1ms)[0m  [1m[35mCOMMIT TRANSACTION /*application='SchoolApi'*/[0m
  [1m[36mTRANSACTION (0.0ms)[0m  [1m[35mBEGIN immediate TRANSACTION /*application='SchoolApi'*/[0m
  [1m[36mCourse Exists? (1.5ms)[0m  [1m[34mSELECT 1 AS one FROM "courses" WHERE "courses"."code" = 'MAT201' LIMIT 1 /*application='SchoolApi'*/[0m
  [1m[36mCourse Create (0.2ms)[0m  [1m[32mINSERT INTO "courses" ("name", "code", "department_id", "created_at", "updated_at") VALUES ('Linear Algebra', 'MAT201', 2, '2026-07-19 19:33:16.718856', '2026-07-19 19:33:16.718856') RETURNING "id" /*application='SchoolApi'*/[0m
  [1m[36mTRANSACTION (0.1ms)[0m  [1m[35mCOMMIT TRANSACTION /*application='SchoolApi'*/[0m
  [1m[36mTRANSACTION (0.0ms)[0m  [1m[35mBEGIN immediate TRANSACTION /*application='SchoolApi'*/[0m
  [1m[36mCourse Exists? (1.7ms)[0m  [1m[34mSELECT 1 AS one FROM "courses" WHERE "courses"."code" = 'SCI101' LIMIT 1 /*application='SchoolApi'*/[0m
  [1m[36mCourse Create (0.2ms)[0m  [1m[32mINSERT INTO "courses" ("name", "code", "department_id", "created_at", "updated_at") VALUES ('Biology I', 'SCI101', 3, '2026-07-19 19:33:16.725271', '2026-07-19 19:33:16.725271') RETURNING "id" /*application='SchoolApi'*/[0m
  [1m[36mTRANSACTION (0.1ms)[0m  [1m[35mCOMMIT TRANSACTION /*application='SchoolApi'*/[0m
  [1m[36mTRANSACTION (0.0ms)[0m  [1m[35mBEGIN immediate TRANSACTION /*application='SchoolApi'*/[0m
  [1m[36mCourse Exists? (1.6ms)[0m  [1m[34mSELECT 1 AS one FROM "courses" WHERE "courses"."code" = 'SCI201' LIMIT 1 /*application='SchoolApi'*/[0m
  [1m[36mCourse Create (0.2ms)[0m  [1m[32mINSERT INTO "courses" ("name", "code", "department_id", "created_at", "updated_at") VALUES ('Chemistry I', 'SCI201', 3, '2026-07-19 19:33:16.731451', '2026-07-19 19:33:16.731451') RETURNING "id" /*application='SchoolApi'*/[0m
  [1m[36mTRANSACTION (0.1ms)[0m  [1m[35mCOMMIT TRANSACTION /*application='SchoolApi'*/[0m
  [1m[36mTRANSACTION (0.0ms)[0m  [1m[35mBEGIN immediate TRANSACTION /*application='SchoolApi'*/[0m
  [1m[36mCourse Exists? (1.6ms)[0m  [1m[34mSELECT 1 AS one FROM "courses" WHERE "courses"."code" = 'HIS101' LIMIT 1 /*application='SchoolApi'*/[0m
  [1m[36mCourse Create (0.2ms)[0m  [1m[32mINSERT INTO "courses" ("name", "code", "department_id", "created_at", "updated_at") VALUES ('World History', 'HIS101', 4, '2026-07-19 19:33:16.737832', '2026-07-19 19:33:16.737832') RETURNING "id" /*application='SchoolApi'*/[0m
  [1m[36mTRANSACTION (0.1ms)[0m  [1m[35mCOMMIT TRANSACTION /*application='SchoolApi'*/[0m
  [1m[36mTRANSACTION (0.0ms)[0m  [1m[35mBEGIN immediate TRANSACTION /*application='SchoolApi'*/[0m
  [1m[36mCourse Exists? (1.6ms)[0m  [1m[34mSELECT 1 AS one FROM "courses" WHERE "courses"."code" = 'HIS201' LIMIT 1 /*application='SchoolApi'*/[0m
  [1m[36mCourse Create (0.3ms)[0m  [1m[32mINSERT INTO "courses" ("name", "code", "department_id", "created_at", "updated_at") VALUES ('US History', 'HIS201', 4, '2026-07-19 19:33:16.772019', '2026-07-19 19:33:16.772019') RETURNING "id" /*application='SchoolApi'*/[0m
  [1m[36mTRANSACTION (0.1ms)[0m  [1m[35mCOMMIT TRANSACTION /*application='SchoolApi'*/[0m
  [1m[36mTRANSACTION (0.1ms)[0m  [1m[35mBEGIN immediate TRANSACTION /*application='SchoolApi'*/[0m
  [1m[36mCourse Exists? (1.6ms)[0m  [1m[34mSELECT 1 AS one FROM "courses" WHERE "courses"."code" = 'CS101' LIMIT 1 /*application='SchoolApi'*/[0m
  [1m[36mCourse Create (0.3ms)[0m  [1m[32mINSERT INTO "courses" ("name", "code", "department_id", "created_at", "updated_at") VALUES ('Intro to Programming', 'CS101', 5, '2026-07-19 19:33:16.779323', '2026-07-19 19:33:16.779323') RETURNING "id" /*application='SchoolApi'*/[0m
  [1m[36mTRANSACTION (0.1ms)[0m  [1m[35mCOMMIT TRANSACTION /*application='SchoolApi'*/[0m
  [1m[36mTRANSACTION (0.1ms)[0m  [1m[35mBEGIN immediate TRANSACTION /*application='SchoolApi'*/[0m
  [1m[36mCourse Exists? (1.5ms)[0m  [1m[34mSELECT 1 AS one FROM "courses" WHERE "courses"."code" = 'CS201' LIMIT 1 /*application='SchoolApi'*/[0m
  [1m[36mCourse Create (0.3ms)[0m  [1m[32mINSERT INTO "courses" ("name", "code", "department_id", "created_at", "updated_at") VALUES ('Data Structures', 'CS201', 5, '2026-07-19 19:33:16.787633', '2026-07-19 19:33:16.787633') RETURNING "id" /*application='SchoolApi'*/[0m
  [1m[36mTRANSACTION (0.1ms)[0m  [1m[35mCOMMIT TRANSACTION /*application='SchoolApi'*/[0m
  [1m[36mTRANSACTION (0.1ms)[0m  [1m[35mBEGIN immediate TRANSACTION /*application='SchoolApi'*/[0m
  [1m[36mUser Exists? (3.3ms)[0m  [1m[34mSELECT 1 AS one FROM "users" WHERE "users"."email" = 'alice.nguyen@school.edu' LIMIT 1 /*application='SchoolApi'*/[0m
  [1m[36mUser Create (0.2ms)[0m  [1m[32mINSERT INTO "users" ("name", "email", "role", "created_at", "updated_at") VALUES ('Dr. Alice Nguyen', 'alice.nguyen@school.edu', 'teacher', '2026-07-19 19:33:16.800542', '2026-07-19 19:33:16.800542') RETURNING "id" /*application='SchoolApi'*/[0m
  [1m[36mTRANSACTION (0.1ms)[0m  [1m[35mCOMMIT TRANSACTION /*application='SchoolApi'*/[0m
  [1m[36mTRANSACTION (0.0ms)[0m  [1m[35mBEGIN immediate TRANSACTION /*application='SchoolApi'*/[0m
  [1m[36mUser Exists? (1.4ms)[0m  [1m[34mSELECT 1 AS one FROM "users" WHERE "users"."email" = 'bob.martinez@school.edu' LIMIT 1 /*application='SchoolApi'*/[0m
  [1m[36mUser Create (0.2ms)[0m  [1m[32mINSERT INTO "users" ("name", "email", "role", "created_at", "updated_at") VALUES ('Prof. Bob Martinez', 'bob.martinez@school.edu', 'teacher', '2026-07-19 19:33:16.806945', '2026-07-19 19:33:16.806945') RETURNING "id" /*application='SchoolApi'*/[0m
  [1m[36mTRANSACTION (0.1ms)[0m  [1m[35mCOMMIT TRANSACTION /*application='SchoolApi'*/[0m
  [1m[36mTRANSACTION (0.0ms)[0m  [1m[35mBEGIN immediate TRANSACTION /*application='SchoolApi'*/[0m
  [1m[36mUser Exists? (1.5ms)[0m  [1m[34mSELECT 1 AS one FROM "users" WHERE "users"."email" = 'carol.smith@school.edu' LIMIT 1 /*application='SchoolApi'*/[0m
  [1m[36mUser Create (0.2ms)[0m  [1m[32mINSERT INTO "users" ("name", "email", "role", "created_at", "updated_at") VALUES ('Dr. Carol Smith', 'carol.smith@school.edu', 'teacher', '2026-07-19 19:33:16.814618', '2026-07-19 19:33:16.814618') RETURNING "id" /*application='SchoolApi'*/[0m
  [1m[36mTRANSACTION (0.1ms)[0m  [1m[35mCOMMIT TRANSACTION /*application='SchoolApi'*/[0m
  [1m[36mTRANSACTION (0.0ms)[0m  [1m[35mBEGIN immediate TRANSACTION /*application='SchoolApi'*/[0m
  [1m[36mUser Exists? (2.8ms)[0m  [1m[34mSELECT 1 AS one FROM "users" WHERE "users"."email" = 'david.lee@school.edu' LIMIT 1 /*application='SchoolApi'*/[0m
  [1m[36mUser Create (0.2ms)[0m  [1m[32mINSERT INTO "users" ("name", "email", "role", "created_at", "updated_at") VALUES ('Prof. David Lee', 'david.lee@school.edu', 'teacher', '2026-07-19 19:33:16.821857', '2026-07-19 19:33:16.821857') RETURNING "id" /*application='SchoolApi'*/[0m
  [1m[36mTRANSACTION (0.1ms)[0m  [1m[35mCOMMIT TRANSACTION /*application='SchoolApi'*/[0m
  [1m[36mTRANSACTION (0.0ms)[0m  [1m[35mBEGIN immediate TRANSACTION /*application='SchoolApi'*/[0m
  [1m[36mUser Exists? (1.4ms)[0m  [1m[34mSELECT 1 AS one FROM "users" WHERE "users"."email" = 'eva.brown@school.edu' LIMIT 1 /*application='SchoolApi'*/[0m
  [1m[36mUser Create (0.2ms)[0m  [1m[32mINSERT INTO "users" ("name", "email", "role", "created_at", "updated_at") VALUES ('Dr. Eva Brown', 'eva.brown@school.edu', 'teacher', '2026-07-19 19:33:16.827893', '2026-07-19 19:33:16.827893') RETURNING "id" /*application='SchoolApi'*/[0m
  [1m[36mTRANSACTION (0.1ms)[0m  [1m[35mCOMMIT TRANSACTION /*application='SchoolApi'*/[0m
  [1m[36mTRANSACTION (0.0ms)[0m  [1m[35mBEGIN immediate TRANSACTION /*application='SchoolApi'*/[0m
  [1m[36mUser Exists? (1.4ms)[0m  [1m[34mSELECT 1 AS one FROM "users" WHERE "users"."email" = 'jordan.rivera@students.edu' LIMIT 1 /*application='SchoolApi'*/[0m
  [1m[36mUser Create (0.2ms)[0m  [1m[32mINSERT INTO "users" ("name", "email", "role", "created_at", "updated_at") VALUES ('Jordan Rivera', 'jordan.rivera@students.edu', 'student', '2026-07-19 19:33:16.835049', '2026-07-19 19:33:16.835049') RETURNING "id" /*application='SchoolApi'*/[0m
  [1m[36mTRANSACTION (0.1ms)[0m  [1m[35mCOMMIT TRANSACTION /*application='SchoolApi'*/[0m
  [1m[36mTRANSACTION (0.0ms)[0m  [1m[35mBEGIN immediate TRANSACTION /*application='SchoolApi'*/[0m
  [1m[36mUser Exists? (1.4ms)[0m  [1m[34mSELECT 1 AS one FROM "users" WHERE "users"."email" = 'sam.patel@students.edu' LIMIT 1 /*application='SchoolApi'*/[0m
  [1m[36mUser Create (0.2ms)[0m  [1m[32mINSERT INTO "users" ("name", "email", "role", "created_at", "updated_at") VALUES ('Sam Patel', 'sam.patel@students.edu', 'student', '2026-07-19 19:33:16.841714', '2026-07-19 19:33:16.841714') RETURNING "id" /*application='SchoolApi'*/[0m
  [1m[36mTRANSACTION (0.1ms)[0m  [1m[35mCOMMIT TRANSACTION /*application='SchoolApi'*/[0m
  [1m[36mTRANSACTION (0.0ms)[0m  [1m[35mBEGIN immediate TRANSACTION /*application='SchoolApi'*/[0m
  [1m[36mUser Exists? (1.5ms)[0m  [1m[34mSELECT 1 AS one FROM "users" WHERE "users"."email" = 'taylor.kim@students.edu' LIMIT 1 /*application='SchoolApi'*/[0m
  [1m[36mUser Create (0.2ms)[0m  [1m[32mINSERT INTO "users" ("name", "email", "role", "created_at", "updated_at") VALUES ('Taylor Kim', 'taylor.kim@students.edu', 'student', '2026-07-19 19:33:16.847837', '2026-07-19 19:33:16.847837') RETURNING "id" /*application='SchoolApi'*/[0m
  [1m[36mTRANSACTION (0.1ms)[0m  [1m[35mCOMMIT TRANSACTION /*application='SchoolApi'*/[0m
  [1m[36mTRANSACTION (0.0ms)[0m  [1m[35mBEGIN immediate TRANSACTION /*application='SchoolApi'*/[0m
  [1m[36mUser Exists? (1.4ms)[0m  [1m[34mSELECT 1 AS one FROM "users" WHERE "users"."email" = 'morgan.chen@students.edu' LIMIT 1 /*application='SchoolApi'*/[0m
  [1m[36mUser Create (0.2ms)[0m  [1m[32mINSERT INTO "users" ("name", "email", "role", "created_at", "updated_at") VALUES ('Morgan Chen', 'morgan.chen@students.edu', 'student', '2026-07-19 19:33:16.855052', '2026-07-19 19:33:16.855052') RETURNING "id" /*application='SchoolApi'*/[0m
  [1m[36mTRANSACTION (0.1ms)[0m  [1m[35mCOMMIT TRANSACTION /*application='SchoolApi'*/[0m
  [1m[36mTRANSACTION (0.0ms)[0m  [1m[35mBEGIN immediate TRANSACTION /*application='SchoolApi'*/[0m
  [1m[36mUser Exists? (1.5ms)[0m  [1m[34mSELECT 1 AS one FROM "users" WHERE "users"."email" = 'casey.johnson@students.edu' LIMIT 1 /*application='SchoolApi'*/[0m
  [1m[36mUser Create (0.3ms)[0m  [1m[32mINSERT INTO "users" ("name", "email", "role", "created_at", "updated_at") VALUES ('Casey Johnson', 'casey.johnson@students.edu', 'student', '2026-07-19 19:33:16.863887', '2026-07-19 19:33:16.863887') RETURNING "id" /*application='SchoolApi'*/[0m
  [1m[36mTRANSACTION (0.1ms)[0m  [1m[35mCOMMIT TRANSACTION /*application='SchoolApi'*/[0m
  [1m[36mTRANSACTION (0.1ms)[0m  [1m[35mBEGIN immediate TRANSACTION /*application='SchoolApi'*/[0m
  [1m[36mUser Exists? (1.5ms)[0m  [1m[34mSELECT 1 AS one FROM "users" WHERE "users"."email" = 'riley.thompson@students.edu' LIMIT 1 /*application='SchoolApi'*/[0m
  [1m[36mUser Create (0.2ms)[0m  [1m[32mINSERT INTO "users" ("name", "email", "role", "created_at", "updated_at") VALUES ('Riley Thompson', 'riley.thompson@students.edu', 'student', '2026-07-19 19:33:16.870083', '2026-07-19 19:33:16.870083') RETURNING "id" /*application='SchoolApi'*/[0m
  [1m[36mTRANSACTION (0.1ms)[0m  [1m[35mCOMMIT TRANSACTION /*application='SchoolApi'*/[0m
  [1m[36mTRANSACTION (0.0ms)[0m  [1m[35mBEGIN immediate TRANSACTION /*application='SchoolApi'*/[0m
  [1m[36mUser Exists? (1.4ms)[0m  [1m[34mSELECT 1 AS one FROM "users" WHERE "users"."email" = 'avery.williams@students.edu' LIMIT 1 /*application='SchoolApi'*/[0m
  [1m[36mUser Create (0.2ms)[0m  [1m[32mINSERT INTO "users" ("name", "email", "role", "created_at", "updated_at") VALUES ('Avery Williams', 'avery.williams@students.edu', 'student', '2026-07-19 19:33:16.876076', '2026-07-19 19:33:16.876076') RETURNING "id" /*application='SchoolApi'*/[0m
  [1m[36mTRANSACTION (0.1ms)[0m  [1m[35mCOMMIT TRANSACTION /*application='SchoolApi'*/[0m
  [1m[36mTRANSACTION (0.0ms)[0m  [1m[35mBEGIN immediate TRANSACTION /*application='SchoolApi'*/[0m
  [1m[36mUser Exists? (1.5ms)[0m  [1m[34mSELECT 1 AS one FROM "users" WHERE "users"."email" = 'quinn.davis@students.edu' LIMIT 1 /*application='SchoolApi'*/[0m
  [1m[36mUser Create (0.2ms)[0m  [1m[32mINSERT INTO "users" ("name", "email", "role", "created_at", "updated_at") VALUES ('Quinn Davis', 'quinn.davis@students.edu', 'student', '2026-07-19 19:33:16.882028', '2026-07-19 19:33:16.882028') RETURNING "id" /*application='SchoolApi'*/[0m
  [1m[36mTRANSACTION (0.1ms)[0m  [1m[35mCOMMIT TRANSACTION /*application='SchoolApi'*/[0m
  [1m[36mTRANSACTION (0.1ms)[0m  [1m[35mBEGIN immediate TRANSACTION /*application='SchoolApi'*/[0m
  [1m[36mClassSession Exists? (1.6ms)[0m  [1m[34mSELECT 1 AS one FROM "class_sessions" WHERE "class_sessions"."course_id" = 1 AND "class_sessions"."semester_id" = 1 LIMIT 1 /*application='SchoolApi'*/[0m
  [1m[36mClassSession Create (0.3ms)[0m  [1m[32mINSERT INTO "class_sessions" ("course_id", "semester_id", "teacher_id", "created_at", "updated_at") VALUES (1, 1, 1, '2026-07-19 19:33:16.893599', '2026-07-19 19:33:16.893599') RETURNING "id" /*application='SchoolApi'*/[0m
  [1m[36mTRANSACTION (0.1ms)[0m  [1m[35mCOMMIT TRANSACTION /*application='SchoolApi'*/[0m
  [1m[36mTRANSACTION (0.0ms)[0m  [1m[35mBEGIN immediate TRANSACTION /*application='SchoolApi'*/[0m
  [1m[36mClassSession Exists? (1.5ms)[0m  [1m[34mSELECT 1 AS one FROM "class_sessions" WHERE "class_sessions"."course_id" = 3 AND "class_sessions"."semester_id" = 1 LIMIT 1 /*application='SchoolApi'*/[0m
  [1m[36mClassSession Create (0.3ms)[0m  [1m[32mINSERT INTO "class_sessions" ("course_id", "semester_id", "teacher_id", "created_at", "updated_at") VALUES (3, 1, 2, '2026-07-19 19:33:16.900293', '2026-07-19 19:33:16.900293') RETURNING "id" /*application='SchoolApi'*/[0m
  [1m[36mTRANSACTION (0.1ms)[0m  [1m[35mCOMMIT TRANSACTION /*application='SchoolApi'*/[0m
  [1m[36mTRANSACTION (0.0ms)[0m  [1m[35mBEGIN immediate TRANSACTION /*application='SchoolApi'*/[0m
  [1m[36mClassSession Exists? (1.5ms)[0m  [1m[34mSELECT 1 AS one FROM "class_sessions" WHERE "class_sessions"."course_id" = 5 AND "class_sessions"."semester_id" = 1 LIMIT 1 /*application='SchoolApi'*/[0m
  [1m[36mClassSession Create (0.3ms)[0m  [1m[32mINSERT INTO "class_sessions" ("course_id", "semester_id", "teacher_id", "created_at", "updated_at") VALUES (5, 1, 3, '2026-07-19 19:33:16.906825', '2026-07-19 19:33:16.906825') RETURNING "id" /*application='SchoolApi'*/[0m
  [1m[36mTRANSACTION (0.2ms)[0m  [1m[35mCOMMIT TRANSACTION /*application='SchoolApi'*/[0m
  [1m[36mTRANSACTION (0.1ms)[0m  [1m[35mBEGIN immediate TRANSACTION /*application='SchoolApi'*/[0m
  [1m[36mClassSession Exists? (1.8ms)[0m  [1m[34mSELECT 1 AS one FROM "class_sessions" WHERE "class_sessions"."course_id" = 7 AND "class_sessions"."semester_id" = 1 LIMIT 1 /*application='SchoolApi'*/[0m
  [1m[36mClassSession Create (0.3ms)[0m  [1m[32mINSERT INTO "class_sessions" ("course_id", "semester_id", "teacher_id", "created_at", "updated_at") VALUES (7, 1, 4, '2026-07-19 19:33:16.936017', '2026-07-19 19:33:16.936017') RETURNING "id" /*application='SchoolApi'*/[0m
  [1m[36mTRANSACTION (0.1ms)[0m  [1m[35mCOMMIT TRANSACTION /*application='SchoolApi'*/[0m
  [1m[36mTRANSACTION (0.1ms)[0m  [1m[35mBEGIN immediate TRANSACTION /*application='SchoolApi'*/[0m
  [1m[36mClassSession Exists? (2.9ms)[0m  [1m[34mSELECT 1 AS one FROM "class_sessions" WHERE "class_sessions"."course_id" = 9 AND "class_sessions"."semester_id" = 1 LIMIT 1 /*application='SchoolApi'*/[0m
  [1m[36mClassSession Create (0.3ms)[0m  [1m[32mINSERT INTO "class_sessions" ("course_id", "semester_id", "teacher_id", "created_at", "updated_at") VALUES (9, 1, 5, '2026-07-19 19:33:16.944113', '2026-07-19 19:33:16.944113') RETURNING "id" /*application='SchoolApi'*/[0m
  [1m[36mTRANSACTION (0.1ms)[0m  [1m[35mCOMMIT TRANSACTION /*application='SchoolApi'*/[0m
  [1m[36mTRANSACTION (0.0ms)[0m  [1m[35mBEGIN immediate TRANSACTION /*application='SchoolApi'*/[0m
  [1m[36mClassSession Exists? (1.5ms)[0m  [1m[34mSELECT 1 AS one FROM "class_sessions" WHERE "class_sessions"."course_id" = 2 AND "class_sessions"."semester_id" = 2 LIMIT 1 /*application='SchoolApi'*/[0m
  [1m[36mClassSession Create (0.2ms)[0m  [1m[32mINSERT INTO "class_sessions" ("course_id", "semester_id", "teacher_id", "created_at", "updated_at") VALUES (2, 2, 1, '2026-07-19 19:33:16.950490', '2026-07-19 19:33:16.950490') RETURNING "id" /*application='SchoolApi'*/[0m
  [1m[36mTRANSACTION (0.1ms)[0m  [1m[35mCOMMIT TRANSACTION /*application='SchoolApi'*/[0m
  [1m[36mTRANSACTION (0.1ms)[0m  [1m[35mBEGIN immediate TRANSACTION /*application='SchoolApi'*/[0m
  [1m[36mClassSession Exists? (1.5ms)[0m  [1m[34mSELECT 1 AS one FROM "class_sessions" WHERE "class_sessions"."course_id" = 4 AND "class_sessions"."semester_id" = 2 LIMIT 1 /*application='SchoolApi'*/[0m
  [1m[36mClassSession Create (0.3ms)[0m  [1m[32mINSERT INTO "class_sessions" ("course_id", "semester_id", "teacher_id", "created_at", "updated_at") VALUES (4, 2, 2, '2026-07-19 19:33:16.958249', '2026-07-19 19:33:16.958249') RETURNING "id" /*application='SchoolApi'*/[0m
  [1m[36mTRANSACTION (0.1ms)[0m  [1m[35mCOMMIT TRANSACTION /*application='SchoolApi'*/[0m
  [1m[36mTRANSACTION (0.0ms)[0m  [1m[35mBEGIN immediate TRANSACTION /*application='SchoolApi'*/[0m
  [1m[36mClassSession Exists? (2.5ms)[0m  [1m[34mSELECT 1 AS one FROM "class_sessions" WHERE "class_sessions"."course_id" = 6 AND "class_sessions"."semester_id" = 2 LIMIT 1 /*application='SchoolApi'*/[0m
  [1m[36mClassSession Create (0.3ms)[0m  [1m[32mINSERT INTO "class_sessions" ("course_id", "semester_id", "teacher_id", "created_at", "updated_at") VALUES (6, 2, 3, '2026-07-19 19:33:16.965498', '2026-07-19 19:33:16.965498') RETURNING "id" /*application='SchoolApi'*/[0m
  [1m[36mTRANSACTION (0.1ms)[0m  [1m[35mCOMMIT TRANSACTION /*application='SchoolApi'*/[0m
  [1m[36mTRANSACTION (0.0ms)[0m  [1m[35mBEGIN immediate TRANSACTION /*application='SchoolApi'*/[0m
  [1m[36mClassSession Exists? (1.4ms)[0m  [1m[34mSELECT 1 AS one FROM "class_sessions" WHERE "class_sessions"."course_id" = 8 AND "class_sessions"."semester_id" = 2 LIMIT 1 /*application='SchoolApi'*/[0m
  [1m[36mClassSession Create (0.2ms)[0m  [1m[32mINSERT INTO "class_sessions" ("course_id", "semester_id", "teacher_id", "created_at", "updated_at") VALUES (8, 2, 4, '2026-07-19 19:33:16.971677', '2026-07-19 19:33:16.971677') RETURNING "id" /*application='SchoolApi'*/[0m
  [1m[36mTRANSACTION (0.1ms)[0m  [1m[35mCOMMIT TRANSACTION /*application='SchoolApi'*/[0m
  [1m[36mTRANSACTION (0.0ms)[0m  [1m[35mBEGIN immediate TRANSACTION /*application='SchoolApi'*/[0m
  [1m[36mClassSession Exists? (1.4ms)[0m  [1m[34mSELECT 1 AS one FROM "class_sessions" WHERE "class_sessions"."course_id" = 10 AND "class_sessions"."semester_id" = 2 LIMIT 1 /*application='SchoolApi'*/[0m
  [1m[36mClassSession Create (0.3ms)[0m  [1m[32mINSERT INTO "class_sessions" ("course_id", "semester_id", "teacher_id", "created_at", "updated_at") VALUES (10, 2, 5, '2026-07-19 19:33:16.978983', '2026-07-19 19:33:16.978983') RETURNING "id" /*application='SchoolApi'*/[0m
  [1m[36mTRANSACTION (0.1ms)[0m  [1m[35mCOMMIT TRANSACTION /*application='SchoolApi'*/[0m
  [1m[36mTRANSACTION (0.1ms)[0m  [1m[35mBEGIN immediate TRANSACTION /*application='SchoolApi'*/[0m
  [1m[36mEnrollment Exists? (1.6ms)[0m  [1m[34mSELECT 1 AS one FROM "enrollments" WHERE "enrollments"."student_id" = 6 AND "enrollments"."class_session_id" = 5 LIMIT 1 /*application='SchoolApi'*/[0m
  [1m[36mEnrollment Create (0.3ms)[0m  [1m[32mINSERT INTO "enrollments" ("class_session_id", "student_id", "grade", "created_at", "updated_at") VALUES (5, 6, 'A', '2026-07-19 19:33:16.991422', '2026-07-19 19:33:16.991422') RETURNING "id" /*application='SchoolApi'*/[0m
  [1m[36mTRANSACTION (0.1ms)[0m  [1m[35mCOMMIT TRANSACTION /*application='SchoolApi'*/[0m
  [1m[36mTRANSACTION (0.1ms)[0m  [1m[35mBEGIN immediate TRANSACTION /*application='SchoolApi'*/[0m
  [1m[36mEnrollment Exists? (1.4ms)[0m  [1m[34mSELECT 1 AS one FROM "enrollments" WHERE "enrollments"."student_id" = 6 AND "enrollments"."class_session_id" = 2 LIMIT 1 /*application='SchoolApi'*/[0m
  [1m[36mEnrollment Create (0.2ms)[0m  [1m[32mINSERT INTO "enrollments" ("class_session_id", "student_id", "grade", "created_at", "updated_at") VALUES (2, 6, 'A-', '2026-07-19 19:33:16.997871', '2026-07-19 19:33:16.997871') RETURNING "id" /*application='SchoolApi'*/[0m
  [1m[36mTRANSACTION (0.1ms)[0m  [1m[35mCOMMIT TRANSACTION /*application='SchoolApi'*/[0m
  [1m[36mTRANSACTION (0.0ms)[0m  [1m[35mBEGIN immediate TRANSACTION /*application='SchoolApi'*/[0m
  [1m[36mEnrollment Exists? (1.6ms)[0m  [1m[34mSELECT 1 AS one FROM "enrollments" WHERE "enrollments"."student_id" = 6 AND "enrollments"."class_session_id" = 1 LIMIT 1 /*application='SchoolApi'*/[0m
  [1m[36mEnrollment Create (0.3ms)[0m  [1m[32mINSERT INTO "enrollments" ("class_session_id", "student_id", "grade", "created_at", "updated_at") VALUES (1, 6, 'B+', '2026-07-19 19:33:17.004814', '2026-07-19 19:33:17.004814') RETURNING "id" /*application='SchoolApi'*/[0m
  [1m[36mTRANSACTION (0.1ms)[0m  [1m[35mCOMMIT TRANSACTION /*application='SchoolApi'*/[0m
  [1m[36mTRANSACTION (0.0ms)[0m  [1m[35mBEGIN immediate TRANSACTION /*application='SchoolApi'*/[0m
  [1m[36mEnrollment Exists? (2.1ms)[0m  [1m[34mSELECT 1 AS one FROM "enrollments" WHERE "enrollments"."student_id" = 6 AND "enrollments"."class_session_id" = 10 LIMIT 1 /*application='SchoolApi'*/[0m
  [1m[36mEnrollment Create (0.2ms)[0m  [1m[32mINSERT INTO "enrollments" ("class_session_id", "student_id", "grade", "created_at", "updated_at") VALUES (10, 6, NULL, '2026-07-19 19:33:17.011707', '2026-07-19 19:33:17.011707') RETURNING "id" /*application='SchoolApi'*/[0m
  [1m[36mTRANSACTION (0.1ms)[0m  [1m[35mCOMMIT TRANSACTION /*application='SchoolApi'*/[0m
  [1m[36mTRANSACTION (0.0ms)[0m  [1m[35mBEGIN immediate TRANSACTION /*application='SchoolApi'*/[0m
  [1m[36mEnrollment Exists? (1.4ms)[0m  [1m[34mSELECT 1 AS one FROM "enrollments" WHERE "enrollments"."student_id" = 6 AND "enrollments"."class_session_id" = 7 LIMIT 1 /*application='SchoolApi'*/[0m
  [1m[36mEnrollment Create (0.2ms)[0m  [1m[32mINSERT INTO "enrollments" ("class_session_id", "student_id", "grade", "created_at", "updated_at") VALUES (7, 6, NULL, '2026-07-19 19:33:17.017974', '2026-07-19 19:33:17.017974') RETURNING "id" /*application='SchoolApi'*/[0m
  [1m[36mTRANSACTION (0.1ms)[0m  [1m[35mCOMMIT TRANSACTION /*application='SchoolApi'*/[0m
  [1m[36mTRANSACTION (0.1ms)[0m  [1m[35mBEGIN immediate TRANSACTION /*application='SchoolApi'*/[0m
  [1m[36mEnrollment Exists? (1.5ms)[0m  [1m[34mSELECT 1 AS one FROM "enrollments" WHERE "enrollments"."student_id" = 7 AND "enrollments"."class_session_id" = 3 LIMIT 1 /*application='SchoolApi'*/[0m
  [1m[36mEnrollment Create (0.3ms)[0m  [1m[32mINSERT INTO "enrollments" ("class_session_id", "student_id", "grade", "created_at", "updated_at") VALUES (3, 7, 'B', '2026-07-19 19:33:17.025797', '2026-07-19 19:33:17.025797') RETURNING "id" /*application='SchoolApi'*/[0m
  [1m[36mTRANSACTION (0.1ms)[0m  [1m[35mCOMMIT TRANSACTION /*application='SchoolApi'*/[0m
  [1m[36mTRANSACTION (0.0ms)[0m  [1m[35mBEGIN immediate TRANSACTION /*application='SchoolApi'*/[0m
  [1m[36mEnrollment Exists? (1.5ms)[0m  [1m[34mSELECT 1 AS one FROM "enrollments" WHERE "enrollments"."student_id" = 7 AND "enrollments"."class_session_id" = 4 LIMIT 1 /*application='SchoolApi'*/[0m
  [1m[36mEnrollment Create (0.3ms)[0m  [1m[32mINSERT INTO "enrollments" ("class_session_id", "student_id", "grade", "created_at", "updated_at") VALUES (4, 7, 'A', '2026-07-19 19:33:17.031987', '2026-07-19 19:33:17.031987') RETURNING "id" /*application='SchoolApi'*/[0m
  [1m[36mTRANSACTION (0.1ms)[0m  [1m[35mCOMMIT TRANSACTION /*application='SchoolApi'*/[0m
  [1m[36mTRANSACTION (0.0ms)[0m  [1m[35mBEGIN immediate TRANSACTION /*application='SchoolApi'*/[0m
  [1m[36mEnrollment Exists? (1.4ms)[0m  [1m[34mSELECT 1 AS one FROM "enrollments" WHERE "enrollments"."student_id" = 7 AND "enrollments"."class_session_id" = 1 LIMIT 1 /*application='SchoolApi'*/[0m
  [1m[36mEnrollment Create (0.2ms)[0m  [1m[32mINSERT INTO "enrollments" ("class_session_id", "student_id", "grade", "created_at", "updated_at") VALUES (1, 7, 'B-', '2026-07-19 19:33:17.038371', '2026-07-19 19:33:17.038371') RETURNING "id" /*application='SchoolApi'*/[0m
  [1m[36mTRANSACTION (0.1ms)[0m  [1m[35mCOMMIT TRANSACTION /*application='SchoolApi'*/[0m
  [1m[36mTRANSACTION (0.0ms)[0m  [1m[35mBEGIN immediate TRANSACTION /*application='SchoolApi'*/[0m
  [1m[36mEnrollment Exists? (1.6ms)[0m  [1m[34mSELECT 1 AS one FROM "enrollments" WHERE "enrollments"."student_id" = 7 AND "enrollments"."class_session_id" = 8 LIMIT 1 /*application='SchoolApi'*/[0m
  [1m[36mEnrollment Create (0.3ms)[0m  [1m[32mINSERT INTO "enrollments" ("class_session_id", "student_id", "grade", "created_at", "updated_at") VALUES (8, 7, NULL, '2026-07-19 19:33:17.044737', '2026-07-19 19:33:17.044737') RETURNING "id" /*application='SchoolApi'*/[0m
  [1m[36mTRANSACTION (0.1ms)[0m  [1m[35mCOMMIT TRANSACTION /*application='SchoolApi'*/[0m
  [1m[36mTRANSACTION (0.0ms)[0m  [1m[35mBEGIN immediate TRANSACTION /*application='SchoolApi'*/[0m
  [1m[36mEnrollment Exists? (1.4ms)[0m  [1m[34mSELECT 1 AS one FROM "enrollments" WHERE "enrollments"."student_id" = 7 AND "enrollments"."class_session_id" = 9 LIMIT 1 /*application='SchoolApi'*/[0m
  [1m[36mEnrollment Create (0.2ms)[0m  [1m[32mINSERT INTO "enrollments" ("class_session_id", "student_id", "grade", "created_at", "updated_at") VALUES (9, 7, NULL, '2026-07-19 19:33:17.050911', '2026-07-19 19:33:17.050911') RETURNING "id" /*application='SchoolApi'*/[0m
  [1m[36mTRANSACTION (0.1ms)[0m  [1m[35mCOMMIT TRANSACTION /*application='SchoolApi'*/[0m
  [1m[36mTRANSACTION (0.0ms)[0m  [1m[35mBEGIN immediate TRANSACTION /*application='SchoolApi'*/[0m
  [1m[36mEnrollment Exists? (1.5ms)[0m  [1m[34mSELECT 1 AS one FROM "enrollments" WHERE "enrollments"."student_id" = 8 AND "enrollments"."class_session_id" = 1 LIMIT 1 /*application='SchoolApi'*/[0m
  [1m[36mEnrollment Create (0.3ms)[0m  [1m[32mINSERT INTO "enrollments" ("class_session_id", "student_id", "grade", "created_at", "updated_at") VALUES (1, 8, 'A', '2026-07-19 19:33:17.057212', '2026-07-19 19:33:17.057212') RETURNING "id" /*application='SchoolApi'*/[0m
  [1m[36mTRANSACTION (0.1ms)[0m  [1m[35mCOMMIT TRANSACTION /*application='SchoolApi'*/[0m
  [1m[36mTRANSACTION (0.0ms)[0m  [1m[35mBEGIN immediate TRANSACTION /*application='SchoolApi'*/[0m
  [1m[36mEnrollment Exists? (17.3ms)[0m  [1m[34mSELECT 1 AS one FROM "enrollments" WHERE "enrollments"."student_id" = 8 AND "enrollments"."class_session_id" = 4 LIMIT 1 /*application='SchoolApi'*/[0m
  [1m[36mEnrollment Create (0.3ms)[0m  [1m[32mINSERT INTO "enrollments" ("class_session_id", "student_id", "grade", "created_at", "updated_at") VALUES (4, 8, 'A-', '2026-07-19 19:33:17.079580', '2026-07-19 19:33:17.079580') RETURNING "id" /*application='SchoolApi'*/[0m
  [1m[36mTRANSACTION (0.1ms)[0m  [1m[35mCOMMIT TRANSACTION /*application='SchoolApi'*/[0m
  [1m[36mTRANSACTION (0.1ms)[0m  [1m[35mBEGIN immediate TRANSACTION /*application='SchoolApi'*/[0m
  [1m[36mEnrollment Exists? (1.5ms)[0m  [1m[34mSELECT 1 AS one FROM "enrollments" WHERE "enrollments"."student_id" = 8 AND "enrollments"."class_session_id" = 2 LIMIT 1 /*application='SchoolApi'*/[0m
  [1m[36mEnrollment Create (0.2ms)[0m  [1m[32mINSERT INTO "enrollments" ("class_session_id", "student_id", "grade", "created_at", "updated_at") VALUES (2, 8, 'C+', '2026-07-19 19:33:17.086524', '2026-07-19 19:33:17.086524') RETURNING "id" /*application='SchoolApi'*/[0m
  [1m[36mTRANSACTION (0.1ms)[0m  [1m[35mCOMMIT TRANSACTION /*application='SchoolApi'*/[0m
  [1m[36mTRANSACTION (0.0ms)[0m  [1m[35mBEGIN immediate TRANSACTION /*application='SchoolApi'*/[0m
  [1m[36mEnrollment Exists? (1.5ms)[0m  [1m[34mSELECT 1 AS one FROM "enrollments" WHERE "enrollments"."student_id" = 8 AND "enrollments"."class_session_id" = 6 LIMIT 1 /*application='SchoolApi'*/[0m
  [1m[36mEnrollment Create (0.2ms)[0m  [1m[32mINSERT INTO "enrollments" ("class_session_id", "student_id", "grade", "created_at", "updated_at") VALUES (6, 8, NULL, '2026-07-19 19:33:17.094344', '2026-07-19 19:33:17.094344') RETURNING "id" /*application='SchoolApi'*/[0m
  [1m[36mTRANSACTION (0.1ms)[0m  [1m[35mCOMMIT TRANSACTION /*application='SchoolApi'*/[0m
  [1m[36mTRANSACTION (0.0ms)[0m  [1m[35mBEGIN immediate TRANSACTION /*application='SchoolApi'*/[0m
  [1m[36mEnrollment Exists? (2.9ms)[0m  [1m[34mSELECT 1 AS one FROM "enrollments" WHERE "enrollments"."student_id" = 8 AND "enrollments"."class_session_id" = 9 LIMIT 1 /*application='SchoolApi'*/[0m
  [1m[36mEnrollment Create (0.2ms)[0m  [1m[32mINSERT INTO "enrollments" ("class_session_id", "student_id", "grade", "created_at", "updated_at") VALUES (9, 8, NULL, '2026-07-19 19:33:17.101926', '2026-07-19 19:33:17.101926') RETURNING "id" /*application='SchoolApi'*/[0m
  [1m[36mTRANSACTION (0.1ms)[0m  [1m[35mCOMMIT TRANSACTION /*application='SchoolApi'*/[0m
  [1m[36mTRANSACTION (0.0ms)[0m  [1m[35mBEGIN immediate TRANSACTION /*application='SchoolApi'*/[0m
  [1m[36mEnrollment Exists? (1.4ms)[0m  [1m[34mSELECT 1 AS one FROM "enrollments" WHERE "enrollments"."student_id" = 9 AND "enrollments"."class_session_id" = 5 LIMIT 1 /*application='SchoolApi'*/[0m
  [1m[36mEnrollment Create (0.3ms)[0m  [1m[32mINSERT INTO "enrollments" ("class_session_id", "student_id", "grade", "created_at", "updated_at") VALUES (5, 9, 'B+', '2026-07-19 19:33:17.108171', '2026-07-19 19:33:17.108171') RETURNING "id" /*application='SchoolApi'*/[0m
  [1m[36mTRANSACTION (0.1ms)[0m  [1m[35mCOMMIT TRANSACTION /*application='SchoolApi'*/[0m
  [1m[36mTRANSACTION (0.0ms)[0m  [1m[35mBEGIN immediate TRANSACTION /*application='SchoolApi'*/[0m
  [1m[36mEnrollment Exists? (1.5ms)[0m  [1m[34mSELECT 1 AS one FROM "enrollments" WHERE "enrollments"."student_id" = 9 AND "enrollments"."class_session_id" = 3 LIMIT 1 /*application='SchoolApi'*/[0m
  [1m[36mEnrollment Create (0.3ms)[0m  [1m[32mINSERT INTO "enrollments" ("class_session_id", "student_id", "grade", "created_at", "updated_at") VALUES (3, 9, 'A-', '2026-07-19 19:33:17.115490', '2026-07-19 19:33:17.115490') RETURNING "id" /*application='SchoolApi'*/[0m
  [1m[36mTRANSACTION (0.1ms)[0m  [1m[35mCOMMIT TRANSACTION /*application='SchoolApi'*/[0m
  [1m[36mTRANSACTION (0.1ms)[0m  [1m[35mBEGIN immediate TRANSACTION /*application='SchoolApi'*/[0m
  [1m[36mEnrollment Exists? (2.4ms)[0m  [1m[34mSELECT 1 AS one FROM "enrollments" WHERE "enrollments"."student_id" = 9 AND "enrollments"."class_session_id" = 2 LIMIT 1 /*application='SchoolApi'*/[0m
  [1m[36mEnrollment Create (0.4ms)[0m  [1m[32mINSERT INTO "enrollments" ("class_session_id", "student_id", "grade", "created_at", "updated_at") VALUES (2, 9, 'B', '2026-07-19 19:33:17.122743', '2026-07-19 19:33:17.122743') RETURNING "id" /*application='SchoolApi'*/[0m
  [1m[36mTRANSACTION (0.1ms)[0m  [1m[35mCOMMIT TRANSACTION /*application='SchoolApi'*/[0m
  [1m[36mTRANSACTION (0.1ms)[0m  [1m[35mBEGIN immediate TRANSACTION /*application='SchoolApi'*/[0m
  [1m[36mEnrollment Exists? (1.4ms)[0m  [1m[34mSELECT 1 AS one FROM "enrollments" WHERE "enrollments"."student_id" = 9 AND "enrollments"."class_session_id" = 10 LIMIT 1 /*application='SchoolApi'*/[0m
  [1m[36mEnrollment Create (0.2ms)[0m  [1m[32mINSERT INTO "enrollments" ("class_session_id", "student_id", "grade", "created_at", "updated_at") VALUES (10, 9, NULL, '2026-07-19 19:33:17.129106', '2026-07-19 19:33:17.129106') RETURNING "id" /*application='SchoolApi'*/[0m
  [1m[36mTRANSACTION (0.1ms)[0m  [1m[35mCOMMIT TRANSACTION /*application='SchoolApi'*/[0m
  [1m[36mTRANSACTION (0.1ms)[0m  [1m[35mBEGIN immediate TRANSACTION /*application='SchoolApi'*/[0m
  [1m[36mEnrollment Exists? (1.4ms)[0m  [1m[34mSELECT 1 AS one FROM "enrollments" WHERE "enrollments"."student_id" = 9 AND "enrollments"."class_session_id" = 8 LIMIT 1 /*application='SchoolApi'*/[0m
  [1m[36mEnrollment Create (0.3ms)[0m  [1m[32mINSERT INTO "enrollments" ("class_session_id", "student_id", "grade", "created_at", "updated_at") VALUES (8, 9, NULL, '2026-07-19 19:33:17.136240', '2026-07-19 19:33:17.136240') RETURNING "id" /*application='SchoolApi'*/[0m
  [1m[36mTRANSACTION (0.1ms)[0m  [1m[35mCOMMIT TRANSACTION /*application='SchoolApi'*/[0m
  [1m[36mTRANSACTION (0.0ms)[0m  [1m[35mBEGIN immediate TRANSACTION /*application='SchoolApi'*/[0m
  [1m[36mEnrollment Exists? (1.4ms)[0m  [1m[34mSELECT 1 AS one FROM "enrollments" WHERE "enrollments"."student_id" = 10 AND "enrollments"."class_session_id" = 1 LIMIT 1 /*application='SchoolApi'*/[0m
  [1m[36mEnrollment Create (0.2ms)[0m  [1m[32mINSERT INTO "enrollments" ("class_session_id", "student_id", "grade", "created_at", "updated_at") VALUES (1, 10, 'B', '2026-07-19 19:33:17.143134', '2026-07-19 19:33:17.143134') RETURNING "id" /*application='SchoolApi'*/[0m
  [1m[36mTRANSACTION (0.1ms)[0m  [1m[35mCOMMIT TRANSACTION /*application='SchoolApi'*/[0m
  [1m[36mTRANSACTION (0.1ms)[0m  [1m[35mBEGIN immediate TRANSACTION /*application='SchoolApi'*/[0m
  [1m[36mEnrollment Exists? (1.4ms)[0m  [1m[34mSELECT 1 AS one FROM "enrollments" WHERE "enrollments"."student_id" = 10 AND "enrollments"."class_session_id" = 2 LIMIT 1 /*application='SchoolApi'*/[0m
  [1m[36mEnrollment Create (0.3ms)[0m  [1m[32mINSERT INTO "enrollments" ("class_session_id", "student_id", "grade", "created_at", "updated_at") VALUES (2, 10, 'B-', '2026-07-19 19:33:17.149357', '2026-07-19 19:33:17.149357') RETURNING "id" /*application='SchoolApi'*/[0m
  [1m[36mTRANSACTION (0.1ms)[0m  [1m[35mCOMMIT TRANSACTION /*application='SchoolApi'*/[0m
  [1m[36mTRANSACTION (0.1ms)[0m  [1m[35mBEGIN immediate TRANSACTION /*application='SchoolApi'*/[0m
  [1m[36mEnrollment Exists? (1.5ms)[0m  [1m[34mSELECT 1 AS one FROM "enrollments" WHERE "enrollments"."student_id" = 10 AND "enrollments"."class_session_id" = 4 LIMIT 1 /*application='SchoolApi'*/[0m
  [1m[36mEnrollment Create (0.3ms)[0m  [1m[32mINSERT INTO "enrollments" ("class_session_id", "student_id", "grade", "created_at", "updated_at") VALUES (4, 10, 'A-', '2026-07-19 19:33:17.156302', '2026-07-19 19:33:17.156302') RETURNING "id" /*application='SchoolApi'*/[0m
  [1m[36mTRANSACTION (0.1ms)[0m  [1m[35mCOMMIT TRANSACTION /*application='SchoolApi'*/[0m
  [1m[36mTRANSACTION (0.1ms)[0m  [1m[35mBEGIN immediate TRANSACTION /*application='SchoolApi'*/[0m
  [1m[36mEnrollment Exists? (1.5ms)[0m  [1m[34mSELECT 1 AS one FROM "enrollments" WHERE "enrollments"."student_id" = 10 AND "enrollments"."class_session_id" = 6 LIMIT 1 /*application='SchoolApi'*/[0m
  [1m[36mEnrollment Create (0.3ms)[0m  [1m[32mINSERT INTO "enrollments" ("class_session_id", "student_id", "grade", "created_at", "updated_at") VALUES (6, 10, NULL, '2026-07-19 19:33:17.164327', '2026-07-19 19:33:17.164327') RETURNING "id" /*application='SchoolApi'*/[0m
  [1m[36mTRANSACTION (0.1ms)[0m  [1m[35mCOMMIT TRANSACTION /*application='SchoolApi'*/[0m
  [1m[36mTRANSACTION (0.1ms)[0m  [1m[35mBEGIN immediate TRANSACTION /*application='SchoolApi'*/[0m
  [1m[36mEnrollment Exists? (1.4ms)[0m  [1m[34mSELECT 1 AS one FROM "enrollments" WHERE "enrollments"."student_id" = 10 AND "enrollments"."class_session_id" = 7 LIMIT 1 /*application='SchoolApi'*/[0m
  [1m[36mEnrollment Create (0.3ms)[0m  [1m[32mINSERT INTO "enrollments" ("class_session_id", "student_id", "grade", "created_at", "updated_at") VALUES (7, 10, NULL, '2026-07-19 19:33:17.170640', '2026-07-19 19:33:17.170640') RETURNING "id" /*application='SchoolApi'*/[0m
  [1m[36mTRANSACTION (0.1ms)[0m  [1m[35mCOMMIT TRANSACTION /*application='SchoolApi'*/[0m
  [1m[36mTRANSACTION (0.0ms)[0m  [1m[35mBEGIN immediate TRANSACTION /*application='SchoolApi'*/[0m
  [1m[36mEnrollment Exists? (1.5ms)[0m  [1m[34mSELECT 1 AS one FROM "enrollments" WHERE "enrollments"."student_id" = 11 AND "enrollments"."class_session_id" = 3 LIMIT 1 /*application='SchoolApi'*/[0m
  [1m[36mEnrollment Create (0.2ms)[0m  [1m[32mINSERT INTO "enrollments" ("class_session_id", "student_id", "grade", "created_at", "updated_at") VALUES (3, 11, 'A', '2026-07-19 19:33:17.176927', '2026-07-19 19:33:17.176927') RETURNING "id" /*application='SchoolApi'*/[0m
  [1m[36mTRANSACTION (0.1ms)[0m  [1m[35mCOMMIT TRANSACTION /*application='SchoolApi'*/[0m
  [1m[36mTRANSACTION (0.0ms)[0m  [1m[35mBEGIN immediate TRANSACTION /*application='SchoolApi'*/[0m
  [1m[36mEnrollment Exists? (1.5ms)[0m  [1m[34mSELECT 1 AS one FROM "enrollments" WHERE "enrollments"."student_id" = 11 AND "enrollments"."class_session_id" = 5 LIMIT 1 /*application='SchoolApi'*/[0m
  [1m[36mEnrollment Create (0.2ms)[0m  [1m[32mINSERT INTO "enrollments" ("class_session_id", "student_id", "grade", "created_at", "updated_at") VALUES (5, 11, 'B+', '2026-07-19 19:33:17.183119', '2026-07-19 19:33:17.183119') RETURNING "id" /*application='SchoolApi'*/[0m
  [1m[36mTRANSACTION (0.1ms)[0m  [1m[35mCOMMIT TRANSACTION /*application='SchoolApi'*/[0m
  [1m[36mTRANSACTION (0.0ms)[0m  [1m[35mBEGIN immediate TRANSACTION /*application='SchoolApi'*/[0m
  [1m[36mEnrollment Exists? (1.4ms)[0m  [1m[34mSELECT 1 AS one FROM "enrollments" WHERE "enrollments"."student_id" = 11 AND "enrollments"."class_session_id" = 8 LIMIT 1 /*application='SchoolApi'*/[0m
  [1m[36mEnrollment Create (0.2ms)[0m  [1m[32mINSERT INTO "enrollments" ("class_session_id", "student_id", "grade", "created_at", "updated_at") VALUES (8, 11, NULL, '2026-07-19 19:33:17.189405', '2026-07-19 19:33:17.189405') RETURNING "id" /*application='SchoolApi'*/[0m
  [1m[36mTRANSACTION (0.1ms)[0m  [1m[35mCOMMIT TRANSACTION /*application='SchoolApi'*/[0m
  [1m[36mTRANSACTION (0.0ms)[0m  [1m[35mBEGIN immediate TRANSACTION /*application='SchoolApi'*/[0m
  [1m[36mEnrollment Exists? (1.6ms)[0m  [1m[34mSELECT 1 AS one FROM "enrollments" WHERE "enrollments"."student_id" = 11 AND "enrollments"."class_session_id" = 10 LIMIT 1 /*application='SchoolApi'*/[0m
  [1m[36mEnrollment Create (0.2ms)[0m  [1m[32mINSERT INTO "enrollments" ("class_session_id", "student_id", "grade", "created_at", "updated_at") VALUES (10, 11, NULL, '2026-07-19 19:33:17.195691', '2026-07-19 19:33:17.195691') RETURNING "id" /*application='SchoolApi'*/[0m
  [1m[36mTRANSACTION (0.1ms)[0m  [1m[35mCOMMIT TRANSACTION /*application='SchoolApi'*/[0m
  [1m[36mTRANSACTION (0.0ms)[0m  [1m[35mBEGIN immediate TRANSACTION /*application='SchoolApi'*/[0m
  [1m[36mEnrollment Exists? (1.6ms)[0m  [1m[34mSELECT 1 AS one FROM "enrollments" WHERE "enrollments"."student_id" = 12 AND "enrollments"."class_session_id" = 4 LIMIT 1 /*application='SchoolApi'*/[0m
  [1m[36mEnrollment Create (0.3ms)[0m  [1m[32mINSERT INTO "enrollments" ("class_session_id", "student_id", "grade", "created_at", "updated_at") VALUES (4, 12, 'B', '2026-07-19 19:33:17.202170', '2026-07-19 19:33:17.202170') RETURNING "id" /*application='SchoolApi'*/[0m
  [1m[36mTRANSACTION (0.1ms)[0m  [1m[35mCOMMIT TRANSACTION /*application='SchoolApi'*/[0m
  [1m[36mTRANSACTION (0.1ms)[0m  [1m[35mBEGIN immediate TRANSACTION /*application='SchoolApi'*/[0m
  [1m[36mEnrollment Exists? (1.6ms)[0m  [1m[34mSELECT 1 AS one FROM "enrollments" WHERE "enrollments"."student_id" = 12 AND "enrollments"."class_session_id" = 1 LIMIT 1 /*application='SchoolApi'*/[0m
  [1m[36mEnrollment Create (0.3ms)[0m  [1m[32mINSERT INTO "enrollments" ("class_session_id", "student_id", "grade", "created_at", "updated_at") VALUES (1, 12, 'A-', '2026-07-19 19:33:17.218217', '2026-07-19 19:33:17.218217') RETURNING "id" /*application='SchoolApi'*/[0m
  [1m[36mTRANSACTION (0.1ms)[0m  [1m[35mCOMMIT TRANSACTION /*application='SchoolApi'*/[0m
  [1m[36mTRANSACTION (0.1ms)[0m  [1m[35mBEGIN immediate TRANSACTION /*application='SchoolApi'*/[0m
  [1m[36mEnrollment Exists? (1.8ms)[0m  [1m[34mSELECT 1 AS one FROM "enrollments" WHERE "enrollments"."student_id" = 12 AND "enrollments"."class_session_id" = 9 LIMIT 1 /*application='SchoolApi'*/[0m
  [1m[36mEnrollment Create (0.3ms)[0m  [1m[32mINSERT INTO "enrollments" ("class_session_id", "student_id", "grade", "created_at", "updated_at") VALUES (9, 12, NULL, '2026-07-19 19:33:17.226383', '2026-07-19 19:33:17.226383') RETURNING "id" /*application='SchoolApi'*/[0m
  [1m[36mTRANSACTION (0.1ms)[0m  [1m[35mCOMMIT TRANSACTION /*application='SchoolApi'*/[0m
  [1m[36mTRANSACTION (0.0ms)[0m  [1m[35mBEGIN immediate TRANSACTION /*application='SchoolApi'*/[0m
  [1m[36mEnrollment Exists? (1.5ms)[0m  [1m[34mSELECT 1 AS one FROM "enrollments" WHERE "enrollments"."student_id" = 12 AND "enrollments"."class_session_id" = 6 LIMIT 1 /*application='SchoolApi'*/[0m
  [1m[36mEnrollment Create (0.3ms)[0m  [1m[32mINSERT INTO "enrollments" ("class_session_id", "student_id", "grade", "created_at", "updated_at") VALUES (6, 12, NULL, '2026-07-19 19:33:17.232697', '2026-07-19 19:33:17.232697') RETURNING "id" /*application='SchoolApi'*/[0m
  [1m[36mTRANSACTION (0.1ms)[0m  [1m[35mCOMMIT TRANSACTION /*application='SchoolApi'*/[0m
  [1m[36mTRANSACTION (0.1ms)[0m  [1m[35mBEGIN immediate TRANSACTION /*application='SchoolApi'*/[0m
  [1m[36mEnrollment Exists? (1.5ms)[0m  [1m[34mSELECT 1 AS one FROM "enrollments" WHERE "enrollments"."student_id" = 13 AND "enrollments"."class_session_id" = 2 LIMIT 1 /*application='SchoolApi'*/[0m
  [1m[36mEnrollment Create (0.2ms)[0m  [1m[32mINSERT INTO "enrollments" ("class_session_id", "student_id", "grade", "created_at", "updated_at") VALUES (2, 13, 'A', '2026-07-19 19:33:17.240409', '2026-07-19 19:33:17.240409') RETURNING "id" /*application='SchoolApi'*/[0m
  [1m[36mTRANSACTION (0.1ms)[0m  [1m[35mCOMMIT TRANSACTION /*application='SchoolApi'*/[0m
  [1m[36mTRANSACTION (0.0ms)[0m  [1m[35mBEGIN immediate TRANSACTION /*application='SchoolApi'*/[0m
  [1m[36mEnrollment Exists? (1.5ms)[0m  [1m[34mSELECT 1 AS one FROM "enrollments" WHERE "enrollments"."student_id" = 13 AND "enrollments"."class_session_id" = 5 LIMIT 1 /*application='SchoolApi'*/[0m
  [1m[36mEnrollment Create (0.2ms)[0m  [1m[32mINSERT INTO "enrollments" ("class_session_id", "student_id", "grade", "created_at", "updated_at") VALUES (5, 13, 'A-', '2026-07-19 19:33:17.247792', '2026-07-19 19:33:17.247792') RETURNING "id" /*application='SchoolApi'*/[0m
  [1m[36mTRANSACTION (0.1ms)[0m  [1m[35mCOMMIT TRANSACTION /*application='SchoolApi'*/[0m
  [1m[36mTRANSACTION (0.0ms)[0m  [1m[35mBEGIN immediate TRANSACTION /*application='SchoolApi'*/[0m
  [1m[36mEnrollment Exists? (1.4ms)[0m  [1m[34mSELECT 1 AS one FROM "enrollments" WHERE "enrollments"."student_id" = 13 AND "enrollments"."class_session_id" = 7 LIMIT 1 /*application='SchoolApi'*/[0m
  [1m[36mEnrollment Create (0.2ms)[0m  [1m[32mINSERT INTO "enrollments" ("class_session_id", "student_id", "grade", "created_at", "updated_at") VALUES (7, 13, NULL, '2026-07-19 19:33:17.253980', '2026-07-19 19:33:17.253980') RETURNING "id" /*application='SchoolApi'*/[0m
  [1m[36mTRANSACTION (0.1ms)[0m  [1m[35mCOMMIT TRANSACTION /*application='SchoolApi'*/[0m
  [1m[36mTRANSACTION (0.1ms)[0m  [1m[35mBEGIN immediate TRANSACTION /*application='SchoolApi'*/[0m
  [1m[36mEnrollment Exists? (1.4ms)[0m  [1m[34mSELECT 1 AS one FROM "enrollments" WHERE "enrollments"."student_id" = 13 AND "enrollments"."class_session_id" = 10 LIMIT 1 /*application='SchoolApi'*/[0m
  [1m[36mEnrollment Create (0.3ms)[0m  [1m[32mINSERT INTO "enrollments" ("class_session_id", "student_id", "grade", "created_at", "updated_at") VALUES (10, 13, NULL, '2026-07-19 19:33:17.261160', '2026-07-19 19:33:17.261160') RETURNING "id" /*application='SchoolApi'*/[0m
  [1m[36mTRANSACTION (0.1ms)[0m  [1m[35mCOMMIT TRANSACTION /*application='SchoolApi'*/[0m
  [1m[36mUser Count (0.1ms)[0m  [1m[34mSELECT COUNT(*) FROM "users" WHERE "users"."role" = 'teacher' /*application='SchoolApi'*/[0m
  [1m[36mUser Count (0.1ms)[0m  [1m[34mSELECT COUNT(*) FROM "users" WHERE "users"."role" = 'student' /*application='SchoolApi'*/[0m
  [1m[36mDepartment Count (0.1ms)[0m  [1m[34mSELECT COUNT(*) FROM "departments" /*application='SchoolApi'*/[0m
  [1m[36mCourse Count (0.1ms)[0m  [1m[34mSELECT COUNT(*) FROM "courses" /*application='SchoolApi'*/[0m
  [1m[36mSemester Count (0.1ms)[0m  [1m[34mSELECT COUNT(*) FROM "semesters" /*application='SchoolApi'*/[0m
  [1m[36mClassSession Count (0.1ms)[0m  [1m[34mSELECT COUNT(*) FROM "class_sessions" /*application='SchoolApi'*/[0m
  [1m[36mEnrollment Count (0.1ms)[0m  [1m[34mSELECT COUNT(*) FROM "enrollments" /*application='SchoolApi'*/[0m
Generating image variants require the image_processing gem. Please add `gem "image_processing", "~> 1.2"` to your Gemfile or set `config.active_storage.variant_processor = :disabled`.
Generating image variants require the image_processing gem. Please add `gem "image_processing", "~> 1.2"` to your Gemfile or set `config.active_storage.variant_processor = :disabled`.
  [1m[36mUser Load (0.2ms)[0m  [1m[34mSELECT "users".* FROM "users" WHERE "users"."role" = 'student' ORDER BY "users"."id" ASC LIMIT 1 /*application='SchoolApi'*/[0m
  [1m[36mEnrollment Count (0.1ms)[0m  [1m[34mSELECT COUNT(*) FROM "enrollments" WHERE "enrollments"."student_id" = 6 /*application='SchoolApi'*/[0m
  [1m[36mClassSession Load (0.3ms)[0m  [1m[34mSELECT "class_sessions".* FROM "class_sessions" INNER JOIN "enrollments" ON "class_sessions"."id" = "enrollments"."class_session_id" WHERE "enrollments"."student_id" = 6 ORDER BY "class_sessions"."id" ASC LIMIT 1 /*application='SchoolApi'*/[0m
  [1m[36mCourse Load (0.1ms)[0m  [1m[34mSELECT "courses".* FROM "courses" WHERE "courses"."id" = 1 LIMIT 1 /*application='SchoolApi'*/[0m
Generating image variants require the image_processing gem. Please add `gem "image_processing", "~> 1.2"` to your Gemfile or set `config.active_storage.variant_processor = :disabled`.
  [1m[36mActiveRecord::SchemaMigration Load (0.3ms)[0m  [1m[34mSELECT "schema_migrations"."version" FROM "schema_migrations" ORDER BY "schema_migrations"."version" ASC /*application='SchoolApi'*/[0m
